============================= test session starts ==============================
platform linux -- Python 3.12.2, pytest-8.0.2, pluggy-1.4.0
rootdir: /usr/src/app
configfile: pytest.ini
collected 9 items

tests/main_test.py .........                                             [100%]

============================== 9 passed in 0.02s ===============================
